
black....................................................................Failed
- hook id: black
- files were modified by this hook

mypy.....................................................................Failed
- hook id: mypy
- files were modified by this hook

Success: no issues found in 247 source files
