
black....................................................................Failed
- hook id: black
- files were modified by this hook

